=== Building kernel ===
warning: profiles for the non root package will be ignored, specify profiles at the workspace root:
package:   /home/manicguy/Projects/OS/kernel/Cargo.toml
workspace: /home/manicguy/Projects/OS/Cargo.toml
warning: unused import: `core::mem::size_of`
 --> kernel/src/idt.rs:3:5
  |
3 | use core::mem::size_of;
  |     ^^^^^^^^^^^^^^^^^^
  |
  = note: `#[warn(unused_imports)]` (part of `#[warn(unused)]`) on by default

warning: unnecessary `unsafe` block
   --> kernel/src/idt.rs:104:5
    |
104 |     unsafe {
    |     ^^^^^^ unnecessary `unsafe` block
    |
    = note: `#[warn(unused_unsafe)]` (part of `#[warn(unused)]`) on by default

warning: unnecessary `unsafe` block
   --> kernel/src/idt.rs:145:5
    |
145 |     unsafe {
    |     ^^^^^^ unnecessary `unsafe` block

warning: unnecessary `unsafe` block
   --> kernel/src/idt.rs:180:5
    |
180 |     unsafe {
    |     ^^^^^^ unnecessary `unsafe` block

warning: unnecessary `unsafe` block
   --> kernel/src/idt.rs:232:5
    |
232 |     unsafe {
    |     ^^^^^^ unnecessary `unsafe` block

warning: unnecessary `unsafe` block
   --> kernel/src/idt.rs:252:5
    |
252 |     unsafe {
    |     ^^^^^^ unnecessary `unsafe` block

warning: variable does not need to be mutable
  --> kernel/src/serial.rs:96:18
   |
96 | pub fn print_hex(mut num: u64) {
   |                  ----^^^
   |                  |
   |                  help: remove this `mut`
   |
   = note: `#[warn(unused_mut)]` (part of `#[warn(unused)]`) on by default

warning: function `print_ascii` is never used
   --> kernel/src/vga.rs:221:8
    |
221 | pub fn print_ascii(bytes: &[u8]) {
    |        ^^^^^^^^^^^
    |
    = note: `#[warn(dead_code)]` (part of `#[warn(unused)]`) on by default

warning: field `pml4_phys` is never read
  --> kernel/src/vmm.rs:69:5
   |
68 | pub struct PageTableManager<'a> {
   |            ---------------- field in this struct
69 |     pml4_phys: u64,
   |     ^^^^^^^^^

warning: struct `SerialWriter` is never constructed
  --> kernel/src/serial.rs:60:12
   |
60 | pub struct SerialWriter;
   |            ^^^^^^^^^^^^

warning: function `print_num` is never used
   --> kernel/src/serial.rs:110:8
    |
110 | pub fn print_num(mut num: u64) {
    |        ^^^^^^^^^

warning: struct `BumpAllocator` is never constructed
 --> kernel/src/allocator/bump.rs:8:12
  |
8 | pub struct BumpAllocator {
  |            ^^^^^^^^^^^^^

warning: associated items `new` and `init` are never used
  --> kernel/src/allocator/bump.rs:16:18
   |
15 | impl BumpAllocator {
   | ------------------ associated items in this implementation
16 |     pub const fn new() -> Self {
   |                  ^^^
...
25 |     pub unsafe fn init(&mut self, heap_start: usize, heap_size: usize) {
   |                   ^^^^

warning: function `align_up` is never used
  --> kernel/src/allocator/bump.rs:59:4
   |
59 | fn align_up(addr: usize, align: usize) -> usize {
   |    ^^^^^^^^

warning: `kernel` (bin "kernel") generated 14 warnings (run `cargo fix --bin "kernel"` to apply 2 suggestions)
    Finished `release` profile [optimized] target(s) in 0.00s
=== Extracting flat binary ===
Kernel: 112K flat binary
=== Assembling bootloader ===
boot/stage2_longmode_kernel.asm:276: warning: implicit DEFAULT ABS is deprecated [-w+implicit-abs-deprecated]
=== Building disk image ===

=== Running QEMU ===
Serial output will appear below:
========================================
Fontconfig error: "/usr/share/fontconfig/conf.avail/75-twemoji.conf", line 1: no element found
